[     314ms] [INFO] %cDownload the React DevTools for a better development experience: https://react.dev/link/react-devtools font-weight:bold @ http://localhost:3000/_next/static/chunks/0k5d_next_dist_1qmvpb9._.js:2477
[     326ms] [LOG] [HMR] connected @ http://localhost:3000/_next/static/chunks/0k5d_next_dist_1qmvpb9._.js:2477
[     436ms] [LOG] [Fast Refresh] rebuilding @ http://localhost:3000/_next/static/chunks/0k5d_next_dist_1qmvpb9._.js:2477
[     666ms] [LOG] [Fast Refresh] done in 331ms @ http://localhost:3000/_next/static/chunks/0k5d_next_dist_1qmvpb9._.js:2477
[ 1339609ms] [LOG] [Fast Refresh] rebuilding @ http://localhost:3000/_next/static/chunks/0k5d_next_dist_1qmvpb9._.js:2477
[ 1339854ms] [LOG] [Fast Refresh] done in 230ms @ http://localhost:3000/_next/static/chunks/0k5d_next_dist_1qmvpb9._.js:2477
[ 1340584ms] PrismaClientUnknownRequestError: 
Invalid `__TURBOPACK__imported__module__$5b$project$5d2f$lib$2f$db$2e$ts__$5b$app$2d$rsc$5d$__$28$ecmascript$29$__["prisma"].membership.findMany()` invocation in
/Users/djosubotic/Desktop/Noqyris/repository/viciral/.next/dev/server/chunks/ssr/[root-of-the-server]__1i3579r._.js:224:158

  221     });
  222 }
  223 async function getUserOrgs(userId) {
→ 224     const memberships = await __TURBOPACK__imported__module__$5b$project$5d2f$lib$2f$db$2e$ts__$5b$app$2d$rsc$5d$__$28$ecmascript$29$__["prisma"].membership.findMany(
Error in connector: Error querying the database: FATAL: (EMAXCONNSESSION) max clients reached in session mode - max clients are limited to pool_size: 15
    at  getUserOrgs (about://React/Server/file:///Users/djosubotic/Desktop/Noqyris/repository/viciral/.next/dev/server/chunks/ssr/%5Broot-of-the-server%5D__1i3579r._.js?39:224:25)
    at  StudioLayout (about://React/Server/file:///Users/djosubotic/Desktop/Noqyris/repository/viciral/.next/dev/server/chunks/ssr/%5Broot-of-the-server%5D__1i3579r._.js?40:526:31)
    at resolveErrorDev (http://localhost:3000/_next/static/chunks/0k5d_next_dist_compiled_react-server-dom-turbopack_0pvk2an._.js:1919:150)
    at processFullStringRow (http://localhost:3000/_next/static/chunks/0k5d_next_dist_compiled_react-server-dom-turbopack_0pvk2an._.js:2434:29)
    at processFullBinaryRow (http://localhost:3000/_next/static/chunks/0k5d_next_dist_compiled_react-server-dom-turbopack_0pvk2an._.js:2393:9)
    at processBinaryChunk (http://localhost:3000/_next/static/chunks/0k5d_next_dist_compiled_react-server-dom-turbopack_0pvk2an._.js:2502:221)
    at progress (http://localhost:3000/_next/static/chunks/0k5d_next_dist_compiled_react-server-dom-turbopack_0pvk2an._.js:2689:13)
[ 1368215ms] [LOG] [Fast Refresh] rebuilding @ http://localhost:3000/_next/static/chunks/0k5d_next_dist_1qmvpb9._.js:2477
[ 1368352ms] [LOG] [Fast Refresh] done in 198ms @ http://localhost:3000/_next/static/chunks/0k5d_next_dist_1qmvpb9._.js:2477
[ 1368482ms] [INFO] %cDownload the React DevTools for a better development experience: https://react.dev/link/react-devtools font-weight:bold @ http://localhost:3000/_next/static/chunks/0k5d_next_dist_1qmvpb9._.js:2477
[ 1368492ms] [LOG] [HMR] connected @ http://localhost:3000/_next/static/chunks/0k5d_next_dist_1qmvpb9._.js:2477
[ 1466684ms] [LOG] [Fast Refresh] rebuilding @ http://localhost:3000/_next/static/chunks/0k5d_next_dist_1qmvpb9._.js:2477
[ 1466776ms] [LOG] [Fast Refresh] done in 32ms @ http://localhost:3000/_next/static/chunks/0k5d_next_dist_1qmvpb9._.js:2477
[ 1476349ms] [LOG] [Fast Refresh] rebuilding @ http://localhost:3000/_next/static/chunks/0k5d_next_dist_1qmvpb9._.js:2477
[ 1476480ms] [LOG] [Fast Refresh] done in 36ms @ http://localhost:3000/_next/static/chunks/0k5d_next_dist_1qmvpb9._.js:2477
[ 1482557ms] [LOG] [Fast Refresh] rebuilding @ http://localhost:3000/_next/static/chunks/0k5d_next_dist_1qmvpb9._.js:2477
[ 1482622ms] [LOG] [Fast Refresh] done in 41ms @ http://localhost:3000/_next/static/chunks/0k5d_next_dist_1qmvpb9._.js:2477
[ 1521465ms] [LOG] [Fast Refresh] rebuilding @ http://localhost:3000/_next/static/chunks/0k5d_next_dist_1qmvpb9._.js:2477
[ 1521488ms] [LOG] [Fast Refresh] done in 34ms @ http://localhost:3000/_next/static/chunks/0k5d_next_dist_1qmvpb9._.js:2477
[ 1569065ms] [LOG] [Fast Refresh] rebuilding @ http://localhost:3000/_next/static/chunks/0k5d_next_dist_1qmvpb9._.js:2477
[ 1569088ms] [LOG] [Fast Refresh] done in 35ms @ http://localhost:3000/_next/static/chunks/0k5d_next_dist_1qmvpb9._.js:2477
[ 1912408ms] [LOG] [Fast Refresh] rebuilding @ http://localhost:3000/_next/static/chunks/0k5d_next_dist_1qmvpb9._.js:2477
[ 1912461ms] [LOG] [Fast Refresh] done in 54ms @ http://localhost:3000/_next/static/chunks/0k5d_next_dist_1qmvpb9._.js:2477
[ 1913327ms] PrismaClientUnknownRequestError: 
Invalid `__TURBOPACK__imported__module__$5b$project$5d2f$lib$2f$db$2e$ts__$5b$app$2d$rsc$5d$__$28$ecmascript$29$__["prisma"].membership.findMany()` invocation in
/Users/djosubotic/Desktop/Noqyris/repository/viciral/.next/dev/server/chunks/ssr/[root-of-the-server]__1i3579r._.js:224:158

  221     });
  222 }
  223 async function getUserOrgs(userId) {
→ 224     const memberships = await __TURBOPACK__imported__module__$5b$project$5d2f$lib$2f$db$2e$ts__$5b$app$2d$rsc$5d$__$28$ecmascript$29$__["prisma"].membership.findMany(
Error in connector: Error querying the database: FATAL: (EMAXCONNSESSION) max clients reached in session mode - max clients are limited to pool_size: 15
    at  getUserOrgs (about://React/Server/file:///Users/djosubotic/Desktop/Noqyris/repository/viciral/.next/dev/server/chunks/ssr/%5Broot-of-the-server%5D__1i3579r._.js?39:224:25)
    at  StudioLayout (about://React/Server/file:///Users/djosubotic/Desktop/Noqyris/repository/viciral/.next/dev/server/chunks/ssr/%5Broot-of-the-server%5D__1i3579r._.js?40:526:31)
    at resolveErrorDev (http://localhost:3000/_next/static/chunks/0k5d_next_dist_compiled_react-server-dom-turbopack_0pvk2an._.js:1919:150)
    at processFullStringRow (http://localhost:3000/_next/static/chunks/0k5d_next_dist_compiled_react-server-dom-turbopack_0pvk2an._.js:2434:29)
    at processFullBinaryRow (http://localhost:3000/_next/static/chunks/0k5d_next_dist_compiled_react-server-dom-turbopack_0pvk2an._.js:2393:9)
    at processBinaryChunk (http://localhost:3000/_next/static/chunks/0k5d_next_dist_compiled_react-server-dom-turbopack_0pvk2an._.js:2502:221)
    at progress (http://localhost:3000/_next/static/chunks/0k5d_next_dist_compiled_react-server-dom-turbopack_0pvk2an._.js:2689:13)
[ 1993542ms] [LOG] [Fast Refresh] rebuilding @ http://localhost:3000/_next/static/chunks/0k5d_next_dist_1qmvpb9._.js:2477
[ 1993684ms] [LOG] [Fast Refresh] done in 38ms @ http://localhost:3000/_next/static/chunks/0k5d_next_dist_1qmvpb9._.js:2477
[ 1993762ms] [INFO] %cDownload the React DevTools for a better development experience: https://react.dev/link/react-devtools font-weight:bold @ http://localhost:3000/_next/static/chunks/0k5d_next_dist_1qmvpb9._.js:2477
[ 1993774ms] [LOG] [HMR] connected @ http://localhost:3000/_next/static/chunks/0k5d_next_dist_1qmvpb9._.js:2477
[ 2006418ms] [LOG] [Fast Refresh] rebuilding @ http://localhost:3000/_next/static/chunks/0k5d_next_dist_1qmvpb9._.js:2477
[ 2006466ms] [LOG] [Fast Refresh] done in 40ms @ http://localhost:3000/_next/static/chunks/0k5d_next_dist_1qmvpb9._.js:2477
[ 2035173ms] [LOG] [Fast Refresh] rebuilding @ http://localhost:3000/_next/static/chunks/0k5d_next_dist_1qmvpb9._.js:2477
[ 2035476ms] [LOG] [Fast Refresh] done in 335ms @ http://localhost:3000/_next/static/chunks/0k5d_next_dist_1qmvpb9._.js:2477
[ 2035722ms] [LOG] [Fast Refresh] rebuilding @ http://localhost:3000/_next/static/chunks/0k5d_next_dist_1qmvpb9._.js:2477
[ 2035760ms] [LOG] [Fast Refresh] done in 139ms @ http://localhost:3000/_next/static/chunks/0k5d_next_dist_1qmvpb9._.js:2477
[ 2036014ms] [LOG] [Fast Refresh] rebuilding @ http://localhost:3000/_next/static/chunks/0k5d_next_dist_1qmvpb9._.js:2477
[ 2036163ms] [LOG] [Fast Refresh] done in 251ms @ http://localhost:3000/_next/static/chunks/0k5d_next_dist_1qmvpb9._.js:2477
[ 2036903ms] [LOG] [Fast Refresh] rebuilding @ http://localhost:3000/_next/static/chunks/0k5d_next_dist_1qmvpb9._.js:2477
[ 2036973ms] [LOG] [Fast Refresh] done in 170ms @ http://localhost:3000/_next/static/chunks/0k5d_next_dist_1qmvpb9._.js:2477
[ 2037133ms] [LOG] [Fast Refresh] rebuilding @ http://localhost:3000/_next/static/chunks/0k5d_next_dist_1qmvpb9._.js:2477
[ 2037167ms] [LOG] [Fast Refresh] done in 134ms @ http://localhost:3000/_next/static/chunks/0k5d_next_dist_1qmvpb9._.js:2477
[ 2037290ms] [LOG] [Fast Refresh] rebuilding @ http://localhost:3000/_next/static/chunks/0k5d_next_dist_1qmvpb9._.js:2477
[ 2037494ms] [LOG] [Fast Refresh] done in 304ms @ http://localhost:3000/_next/static/chunks/0k5d_next_dist_1qmvpb9._.js:2477
[ 2037695ms] [LOG] [Fast Refresh] rebuilding @ http://localhost:3000/_next/static/chunks/0k5d_next_dist_1qmvpb9._.js:2477
[ 2037774ms] [LOG] [Fast Refresh] done in 179ms @ http://localhost:3000/_next/static/chunks/0k5d_next_dist_1qmvpb9._.js:2477
[ 2044874ms] [LOG] [Fast Refresh] rebuilding @ http://localhost:3000/_next/static/chunks/0k5d_next_dist_1qmvpb9._.js:2477
[ 2045080ms] [LOG] [Fast Refresh] done in 35ms @ http://localhost:3000/_next/static/chunks/0k5d_next_dist_1qmvpb9._.js:2477
[ 2045247ms] [LOG] [Fast Refresh] rebuilding @ http://localhost:3000/_next/static/chunks/0k5d_next_dist_1qmvpb9._.js:2477
[ 2045322ms] [LOG] [Fast Refresh] done in 177ms @ http://localhost:3000/_next/static/chunks/0k5d_next_dist_1qmvpb9._.js:2477
[ 2045651ms] [LOG] [Fast Refresh] rebuilding @ http://localhost:3000/_next/static/chunks/0k5d_next_dist_1qmvpb9._.js:2477
[ 2046068ms] [LOG] [Fast Refresh] done in 519ms @ http://localhost:3000/_next/static/chunks/0k5d_next_dist_1qmvpb9._.js:2477
[ 2046200ms] [LOG] [Fast Refresh] rebuilding @ http://localhost:3000/_next/static/chunks/0k5d_next_dist_1qmvpb9._.js:2477
[ 2046233ms] [LOG] [Fast Refresh] done in 134ms @ http://localhost:3000/_next/static/chunks/0k5d_next_dist_1qmvpb9._.js:2477
[ 2046334ms] [LOG] [Fast Refresh] rebuilding @ http://localhost:3000/_next/static/chunks/0k5d_next_dist_1qmvpb9._.js:2477
[ 2046618ms] [LOG] [Fast Refresh] done in 385ms @ http://localhost:3000/_next/static/chunks/0k5d_next_dist_1qmvpb9._.js:2477
[ 2046724ms] [LOG] [Fast Refresh] rebuilding @ http://localhost:3000/_next/static/chunks/0k5d_next_dist_1qmvpb9._.js:2477
[ 2046934ms] [LOG] [Fast Refresh] done in 310ms @ http://localhost:3000/_next/static/chunks/0k5d_next_dist_1qmvpb9._.js:2477
[ 2047034ms] [LOG] [Fast Refresh] rebuilding @ http://localhost:3000/_next/static/chunks/0k5d_next_dist_1qmvpb9._.js:2477
[ 2047077ms] [LOG] [Fast Refresh] done in 143ms @ http://localhost:3000/_next/static/chunks/0k5d_next_dist_1qmvpb9._.js:2477
[ 2047303ms] [LOG] [Fast Refresh] rebuilding @ http://localhost:3000/_next/static/chunks/0k5d_next_dist_1qmvpb9._.js:2477
[ 2047542ms] [LOG] [Fast Refresh] done in 340ms @ http://localhost:3000/_next/static/chunks/0k5d_next_dist_1qmvpb9._.js:2477
[ 2047665ms] [LOG] [Fast Refresh] rebuilding @ http://localhost:3000/_next/static/chunks/0k5d_next_dist_1qmvpb9._.js:2477
[ 2047833ms] [LOG] [Fast Refresh] done in 269ms @ http://localhost:3000/_next/static/chunks/0k5d_next_dist_1qmvpb9._.js:2477
[ 2154079ms] [LOG] [Fast Refresh] rebuilding @ http://localhost:3000/_next/static/chunks/0k5d_next_dist_1qmvpb9._.js:2477
[ 2154379ms] [LOG] [Fast Refresh] done in 372ms @ http://localhost:3000/_next/static/chunks/0k5d_next_dist_1qmvpb9._.js:2477
[ 2160979ms] [LOG] [Fast Refresh] rebuilding @ http://localhost:3000/_next/static/chunks/0k5d_next_dist_1qmvpb9._.js:2477
[ 2161250ms] [LOG] [Fast Refresh] done in 153ms @ http://localhost:3000/_next/static/chunks/0k5d_next_dist_1qmvpb9._.js:2477
[ 2166070ms] [LOG] [Fast Refresh] rebuilding @ http://localhost:3000/_next/static/chunks/0k5d_next_dist_1qmvpb9._.js:2477
[ 2166263ms] [LOG] [Fast Refresh] done in 73ms @ http://localhost:3000/_next/static/chunks/0k5d_next_dist_1qmvpb9._.js:2477
