[     544ms] [INFO] %cDownload the React DevTools for a better development experience: https://react.dev/link/react-devtools font-weight:bold @ http://localhost:3000/_next/static/chunks/0k5d_next_dist_1qmvpb9._.js:2477
[     555ms] [LOG] [HMR] connected @ http://localhost:3000/_next/static/chunks/0k5d_next_dist_1qmvpb9._.js:2477
[   63770ms] [LOG] [Fast Refresh] rebuilding @ http://localhost:3000/_next/static/chunks/0k5d_next_dist_1qmvpb9._.js:2477
[   63815ms] [LOG] [Fast Refresh] done in 52ms @ http://localhost:3000/_next/static/chunks/0k5d_next_dist_1qmvpb9._.js:2477
[   89740ms] [LOG] [Fast Refresh] rebuilding @ http://localhost:3000/_next/static/chunks/0k5d_next_dist_1qmvpb9._.js:2477
[   89790ms] [LOG] [Fast Refresh] done in 118ms @ http://localhost:3000/_next/static/chunks/0k5d_next_dist_1qmvpb9._.js:2477
[   89969ms] [LOG] [Fast Refresh] rebuilding @ http://localhost:3000/_next/static/chunks/0k5d_next_dist_1qmvpb9._.js:2477
[   89969ms] [LOG] [Fast Refresh] done in 111ms @ http://localhost:3000/_next/static/chunks/0k5d_next_dist_1qmvpb9._.js:2477
[11807255ms] [ERROR] WebSocket connection to 'ws://localhost:3000/_next/webpack-hmr?id=7hwOzt06HYotnGXba_80i' failed: Error in connection establishment: net::ERR_CONNECTION_REFUSED @ http://localhost:3000/_next/static/chunks/0k5d_next_dist_client_1z1on1h._.js:13422
[11808259ms] [ERROR] WebSocket connection to 'ws://localhost:3000/_next/webpack-hmr?id=7hwOzt06HYotnGXba_80i' failed: Error in connection establishment: net::ERR_CONNECTION_REFUSED @ http://localhost:3000/_next/static/chunks/0k5d_next_dist_client_1z1on1h._.js:13422
[11809262ms] [ERROR] WebSocket connection to 'ws://localhost:3000/_next/webpack-hmr?id=7hwOzt06HYotnGXba_80i' failed: Error in connection establishment: net::ERR_CONNECTION_REFUSED @ http://localhost:3000/_next/static/chunks/0k5d_next_dist_client_1z1on1h._.js:13422
[11810266ms] [ERROR] WebSocket connection to 'ws://localhost:3000/_next/webpack-hmr?id=7hwOzt06HYotnGXba_80i' failed: Error in connection establishment: net::ERR_CONNECTION_REFUSED @ http://localhost:3000/_next/static/chunks/0k5d_next_dist_client_1z1on1h._.js:13422
[11811269ms] [ERROR] WebSocket connection to 'ws://localhost:3000/_next/webpack-hmr?id=7hwOzt06HYotnGXba_80i' failed: Error in connection establishment: net::ERR_CONNECTION_REFUSED @ http://localhost:3000/_next/static/chunks/0k5d_next_dist_client_1z1on1h._.js:13422
[11816277ms] [ERROR] WebSocket connection to 'ws://localhost:3000/_next/webpack-hmr?id=7hwOzt06HYotnGXba_80i' failed: Error in connection establishment: net::ERR_CONNECTION_REFUSED @ http://localhost:3000/_next/static/chunks/0k5d_next_dist_client_1z1on1h._.js:13422
[11821288ms] [ERROR] WebSocket connection to 'ws://localhost:3000/_next/webpack-hmr?id=7hwOzt06HYotnGXba_80i' failed: Error in connection establishment: net::ERR_CONNECTION_REFUSED @ http://localhost:3000/_next/static/chunks/0k5d_next_dist_client_1z1on1h._.js:13422
[11826303ms] [ERROR] WebSocket connection to 'ws://localhost:3000/_next/webpack-hmr?id=7hwOzt06HYotnGXba_80i' failed: Error in connection establishment: net::ERR_CONNECTION_REFUSED @ http://localhost:3000/_next/static/chunks/0k5d_next_dist_client_1z1on1h._.js:13422
[11831333ms] [ERROR] WebSocket connection to 'ws://localhost:3000/_next/webpack-hmr?id=7hwOzt06HYotnGXba_80i' failed: Error in connection establishment: net::ERR_CONNECTION_REFUSED @ http://localhost:3000/_next/static/chunks/0k5d_next_dist_client_1z1on1h._.js:13422
[11836380ms] [ERROR] WebSocket connection to 'ws://localhost:3000/_next/webpack-hmr?id=7hwOzt06HYotnGXba_80i' failed: Error in connection establishment: net::ERR_CONNECTION_REFUSED @ http://localhost:3000/_next/static/chunks/0k5d_next_dist_client_1z1on1h._.js:13422
[11841445ms] [ERROR] WebSocket connection to 'ws://localhost:3000/_next/webpack-hmr?id=7hwOzt06HYotnGXba_80i' failed: Error in connection establishment: net::ERR_CONNECTION_REFUSED @ http://localhost:3000/_next/static/chunks/0k5d_next_dist_client_1z1on1h._.js:13422
[11846690ms] [ERROR] WebSocket connection to 'ws://localhost:3000/_next/webpack-hmr?id=7hwOzt06HYotnGXba_80i' failed: Error in connection establishment: net::ERR_CONNECTION_REFUSED @ http://localhost:3000/_next/static/chunks/0k5d_next_dist_client_1z1on1h._.js:13422
[11974510ms] [INFO] %cDownload the React DevTools for a better development experience: https://reactjs.org/link/react-devtools font-weight:bold @ http://localhost:3000/node_modules/.vite/deps/chunk-GSKIDCVT.js?v=0527a5a7:21608
[11975226ms] [INFO] BSSO Telemetry: {"result":"Error","error":"NoExtension","type":"ChromeSsoTelemetry","data":{},"traces":["BrowserSSO Initialized","Creating ChromeBrowserCore provider","Sending message for method CreateProviderAsync","Received message for method CreateProviderAsync","Error: ChromeBrowserCore error NoExtension: Extension is not installed."]} @ https://aadcdn.msauth.net/shared/1.0/content/js/BssoInterrupt_Core_Pub9GRdfCt-pUOuUnzQRBw2.js:17
[11975304ms] [ERROR] Failed to load resource: the server responded with a status of 404 (Not Found) @ https://login.microsoftonline.com/favicon.ico:0
[11975690ms] [VERBOSE] [DOM] Input elements should have autocomplete attributes (suggested: "current-password"): (More info: https://goo.gl/9p2vKq) %o @ https://login.microsoftonline.com/b2f3b5cc-44ae-4b6e-bd30-ca1df0bfe01b/oauth2/v2.0/authorize?client_id=8f5dd9ca-7706-4047-80e1-c07b8ba8872a&scope=openid%20profile%20offline_access&redirect_uri=http%3A%2F%2Flocalhost%3A3000&client-request-id=019efdb0-41a0-7d88-86e2-5fcaae57cc3d&response_mode=fragment&response_type=code&x-client-SKU=msal.js.browser&x-client-VER=3.30.0&client_info=1&code_challenge=UwiMSasQXjtF0YqMsFzd6C7TsJMWuqoZTQTxw8_9K6I&code_challenge_method=S256&nonce=019efdb0-41a0-7ac7-9367-1f3170e82fe8&state=eyJpZCI6IjAxOWVmZGIwLTQxYTAtNzYxZi1iMTUzLTVlZjdlNGUwMTMwMCIsIm1ldGEiOnsiaW50ZXJhY3Rpb25UeXBlIjoicmVkaXJlY3QifX0%3D&sso_reload=true:0
