[    1411ms] [INFO] %cDownload the React DevTools for a better development experience: https://react.dev/link/react-devtools font-weight:bold @ http://localhost:3000/_next/static/chunks/0k5d_next_dist_1qmvpb9._.js:2477
[    1422ms] [LOG] [HMR] connected @ http://localhost:3000/_next/static/chunks/0k5d_next_dist_1qmvpb9._.js:2477
[    1537ms] [LOG] [Fast Refresh] rebuilding @ http://localhost:3000/_next/static/chunks/0k5d_next_dist_1qmvpb9._.js:2477
[    1811ms] [LOG] [Fast Refresh] done in 375ms @ http://localhost:3000/_next/static/chunks/0k5d_next_dist_1qmvpb9._.js:2477
[  840749ms] [LOG] [Fast Refresh] rebuilding @ http://localhost:3000/_next/static/chunks/0k5d_next_dist_1qmvpb9._.js:2477
[  840798ms] [LOG] [Fast Refresh] done in 150ms @ http://localhost:3000/_next/static/chunks/0k5d_next_dist_1qmvpb9._.js:2477
[  995256ms] [ERROR] WebSocket connection to 'ws://localhost:3000/_next/webpack-hmr?id=Wmz94RYIrWJGtg4mXMFNp' failed: Error in connection establishment: net::ERR_CONNECTION_REFUSED @ http://localhost:3000/_next/static/chunks/0k5d_next_dist_client_1z1on1h._.js:13422
[  996260ms] [ERROR] WebSocket connection to 'ws://localhost:3000/_next/webpack-hmr?id=Wmz94RYIrWJGtg4mXMFNp' failed: Error in connection establishment: net::ERR_CONNECTION_REFUSED @ http://localhost:3000/_next/static/chunks/0k5d_next_dist_client_1z1on1h._.js:13422
[  997262ms] [ERROR] WebSocket connection to 'ws://localhost:3000/_next/webpack-hmr?id=Wmz94RYIrWJGtg4mXMFNp' failed: Error in connection establishment: net::ERR_CONNECTION_REFUSED @ http://localhost:3000/_next/static/chunks/0k5d_next_dist_client_1z1on1h._.js:13422
[  998264ms] [ERROR] WebSocket connection to 'ws://localhost:3000/_next/webpack-hmr?id=Wmz94RYIrWJGtg4mXMFNp' failed: Error in connection establishment: net::ERR_CONNECTION_REFUSED @ http://localhost:3000/_next/static/chunks/0k5d_next_dist_client_1z1on1h._.js:13422
[  999267ms] [ERROR] WebSocket connection to 'ws://localhost:3000/_next/webpack-hmr?id=Wmz94RYIrWJGtg4mXMFNp' failed: Error in connection establishment: net::ERR_CONNECTION_REFUSED @ http://localhost:3000/_next/static/chunks/0k5d_next_dist_client_1z1on1h._.js:13422
[ 1004272ms] [ERROR] WebSocket connection to 'ws://localhost:3000/_next/webpack-hmr?id=Wmz94RYIrWJGtg4mXMFNp' failed: Error in connection establishment: net::ERR_CONNECTION_REFUSED @ http://localhost:3000/_next/static/chunks/0k5d_next_dist_client_1z1on1h._.js:13422
[ 1009283ms] [ERROR] WebSocket connection to 'ws://localhost:3000/_next/webpack-hmr?id=Wmz94RYIrWJGtg4mXMFNp' failed: Error in connection establishment: net::ERR_CONNECTION_REFUSED @ http://localhost:3000/_next/static/chunks/0k5d_next_dist_client_1z1on1h._.js:13422
[ 1014307ms] [ERROR] WebSocket connection to 'ws://localhost:3000/_next/webpack-hmr?id=Wmz94RYIrWJGtg4mXMFNp' failed: Error in connection establishment: net::ERR_CONNECTION_REFUSED @ http://localhost:3000/_next/static/chunks/0k5d_next_dist_client_1z1on1h._.js:13422
[ 1019343ms] [ERROR] WebSocket connection to 'ws://localhost:3000/_next/webpack-hmr?id=Wmz94RYIrWJGtg4mXMFNp' failed: Error in connection establishment: net::ERR_CONNECTION_REFUSED @ http://localhost:3000/_next/static/chunks/0k5d_next_dist_client_1z1on1h._.js:13422
[ 1024383ms] [ERROR] WebSocket connection to 'ws://localhost:3000/_next/webpack-hmr?id=Wmz94RYIrWJGtg4mXMFNp' failed: Error in connection establishment: net::ERR_CONNECTION_REFUSED @ http://localhost:3000/_next/static/chunks/0k5d_next_dist_client_1z1on1h._.js:13422
[ 1029465ms] [ERROR] WebSocket connection to 'ws://localhost:3000/_next/webpack-hmr?id=Wmz94RYIrWJGtg4mXMFNp' failed: Error in connection establishment: net::ERR_CONNECTION_REFUSED @ http://localhost:3000/_next/static/chunks/0k5d_next_dist_client_1z1on1h._.js:13422
[ 1034607ms] [ERROR] WebSocket connection to 'ws://localhost:3000/_next/webpack-hmr?id=Wmz94RYIrWJGtg4mXMFNp' failed: Error in connection establishment: net::ERR_CONNECTION_REFUSED @ http://localhost:3000/_next/static/chunks/0k5d_next_dist_client_1z1on1h._.js:13422
[ 1431704ms] [INFO] %cDownload the React DevTools for a better development experience: https://reactjs.org/link/react-devtools font-weight:bold @ http://localhost:3000/node_modules/.vite/deps/chunk-GSKIDCVT.js?v=4426964d:21608
[ 1432541ms] [VERBOSE] [DOM] Input elements should have autocomplete attributes (suggested: "current-password"): (More info: https://goo.gl/9p2vKq) %o @ https://login.microsoftonline.com/b2f3b5cc-44ae-4b6e-bd30-ca1df0bfe01b/oauth2/v2.0/authorize?client_id=8f5dd9ca-7706-4047-80e1-c07b8ba8872a&scope=openid%20profile%20offline_access&redirect_uri=http%3A%2F%2Flocalhost%3A3000&client-request-id=019f1387-9b81-7ec7-8dd1-6471ed33fea8&response_mode=fragment&response_type=code&x-client-SKU=msal.js.browser&x-client-VER=3.30.0&client_info=1&code_challenge=AxLVeNWqITGHn619XJrlFHV4M4KKUJEGzfQFEYouKsU&code_challenge_method=S256&nonce=019f1387-9b81-75e1-8951-e37c6798e3b7&state=eyJpZCI6IjAxOWYxMzg3LTliODEtNzE0MS05ZDY2LWNhMDdkNjEyYjk5OCIsIm1ldGEiOnsiaW50ZXJhY3Rpb25UeXBlIjoicmVkaXJlY3QifX0%3D:0
