[     424ms] [INFO] %cDownload the React DevTools for a better development experience: https://react.dev/link/react-devtools font-weight:bold @ http://localhost:3000/_next/static/chunks/0k5d_next_dist_1qmvpb9._.js:2477
[     435ms] [LOG] [HMR] connected @ http://localhost:3000/_next/static/chunks/0k5d_next_dist_1qmvpb9._.js:2477
[10652795ms] [LOG] [Fast Refresh] rebuilding @ http://localhost:3000/_next/static/chunks/0k5d_next_dist_1qmvpb9._.js:2477
[10652819ms] [LOG] [Fast Refresh] done in 125ms @ http://localhost:3000/_next/static/chunks/0k5d_next_dist_1qmvpb9._.js:2477
[11016609ms] [LOG] [Fast Refresh] rebuilding @ http://localhost:3000/_next/static/chunks/0k5d_next_dist_1qmvpb9._.js:2477
[11016734ms] [LOG] [Fast Refresh] done in 208ms @ http://localhost:3000/_next/static/chunks/0k5d_next_dist_1qmvpb9._.js:2477
[11018263ms] PrismaClientUnknownRequestError: 
Invalid `__TURBOPACK__imported__module__$5b$project$5d2f$lib$2f$db$2e$ts__$5b$app$2d$rsc$5d$__$28$ecmascript$29$__["prisma"].membership.findMany()` invocation in
/Users/djosubotic/Desktop/Noqyris/repository/viciral/.next/dev/server/chunks/ssr/[root-of-the-server]__1i3579r._.js:224:158

  221     });
  222 }
  223 async function getUserOrgs(userId) {
→ 224     const memberships = await __TURBOPACK__imported__module__$5b$project$5d2f$lib$2f$db$2e$ts__$5b$app$2d$rsc$5d$__$28$ecmascript$29$__["prisma"].membership.findMany(
Error in connector: Error querying the database: FATAL: (EMAXCONNSESSION) max clients reached in session mode - max clients are limited to pool_size: 15
    at  getUserOrgs (about://React/Server/file:///Users/djosubotic/Desktop/Noqyris/repository/viciral/.next/dev/server/chunks/ssr/%5Broot-of-the-server%5D__1i3579r._.js?52:224:25)
    at  StudioLayout (about://React/Server/file:///Users/djosubotic/Desktop/Noqyris/repository/viciral/.next/dev/server/chunks/ssr/%5Broot-of-the-server%5D__1i3579r._.js?53:526:31)
    at resolveErrorDev (http://localhost:3000/_next/static/chunks/0k5d_next_dist_compiled_react-server-dom-turbopack_0pvk2an._.js:1919:150)
    at processFullStringRow (http://localhost:3000/_next/static/chunks/0k5d_next_dist_compiled_react-server-dom-turbopack_0pvk2an._.js:2434:29)
    at processFullBinaryRow (http://localhost:3000/_next/static/chunks/0k5d_next_dist_compiled_react-server-dom-turbopack_0pvk2an._.js:2393:9)
    at processBinaryChunk (http://localhost:3000/_next/static/chunks/0k5d_next_dist_compiled_react-server-dom-turbopack_0pvk2an._.js:2502:221)
    at progress (http://localhost:3000/_next/static/chunks/0k5d_next_dist_compiled_react-server-dom-turbopack_0pvk2an._.js:2689:13)
[11024691ms] [LOG] [Fast Refresh] rebuilding @ http://localhost:3000/_next/static/chunks/0k5d_next_dist_1qmvpb9._.js:2477
[11024730ms] [LOG] [Fast Refresh] done in 99ms @ http://localhost:3000/_next/static/chunks/0k5d_next_dist_1qmvpb9._.js:2477
[11025101ms] [INFO] %cDownload the React DevTools for a better development experience: https://react.dev/link/react-devtools font-weight:bold @ http://localhost:3000/_next/static/chunks/0k5d_next_dist_1qmvpb9._.js:2477
[11025116ms] [LOG] [HMR] connected @ http://localhost:3000/_next/static/chunks/0k5d_next_dist_1qmvpb9._.js:2477
[11029293ms] [LOG] [Fast Refresh] rebuilding @ http://localhost:3000/_next/static/chunks/0k5d_next_dist_1qmvpb9._.js:2477
[11029362ms] [LOG] [Fast Refresh] done in 56ms @ http://localhost:3000/_next/static/chunks/0k5d_next_dist_1qmvpb9._.js:2477
[11053919ms] [LOG] [Fast Refresh] rebuilding @ http://localhost:3000/_next/static/chunks/0k5d_next_dist_1qmvpb9._.js:2477
[11053987ms] [LOG] [Fast Refresh] done in 38ms @ http://localhost:3000/_next/static/chunks/0k5d_next_dist_1qmvpb9._.js:2477
[11054803ms] PrismaClientUnknownRequestError: 
Invalid `__TURBOPACK__imported__module__$5b$project$5d2f$lib$2f$db$2e$ts__$5b$app$2d$rsc$5d$__$28$ecmascript$29$__["prisma"].membership.findFirst()` invocation in
/Users/djosubotic/Desktop/Noqyris/repository/viciral/.next/dev/server/chunks/ssr/[root-of-the-server]__1i3579r._.js:188:155

  185     });
  186 }
  187 async function ensureUserHasOrg(userId) {
→ 188     const existing = await __TURBOPACK__imported__module__$5b$project$5d2f$lib$2f$db$2e$ts__$5b$app$2d$rsc$5d$__$28$ecmascript$29$__["prisma"].membership.findFirst(
Error in connector: Error querying the database: FATAL: (EMAXCONNSESSION) max clients reached in session mode - max clients are limited to pool_size: 15
    at  ensureUserHasOrg (about://React/Server/file:///Users/djosubotic/Desktop/Noqyris/repository/viciral/.next/dev/server/chunks/ssr/%5Broot-of-the-server%5D__1i3579r._.js?52:188:22)
    at  getActiveOrg (about://React/Server/file:///Users/djosubotic/Desktop/Noqyris/repository/viciral/.next/dev/server/chunks/ssr/%5Broot-of-the-server%5D__1i3579r._.js?53:491:17)
    at  StudioLayout (about://React/Server/file:///Users/djosubotic/Desktop/Noqyris/repository/viciral/.next/dev/server/chunks/ssr/%5Broot-of-the-server%5D__1i3579r._.js?54:526:31)
    at resolveErrorDev (http://localhost:3000/_next/static/chunks/0k5d_next_dist_compiled_react-server-dom-turbopack_0pvk2an._.js:1919:150)
    at processFullStringRow (http://localhost:3000/_next/static/chunks/0k5d_next_dist_compiled_react-server-dom-turbopack_0pvk2an._.js:2434:29)
    at processFullBinaryRow (http://localhost:3000/_next/static/chunks/0k5d_next_dist_compiled_react-server-dom-turbopack_0pvk2an._.js:2393:9)
    at processBinaryChunk (http://localhost:3000/_next/static/chunks/0k5d_next_dist_compiled_react-server-dom-turbopack_0pvk2an._.js:2502:221)
    at progress (http://localhost:3000/_next/static/chunks/0k5d_next_dist_compiled_react-server-dom-turbopack_0pvk2an._.js:2689:13)
[11061246ms] [LOG] [Fast Refresh] rebuilding @ http://localhost:3000/_next/static/chunks/0k5d_next_dist_1qmvpb9._.js:2477
[11061285ms] [LOG] [Fast Refresh] done in 32ms @ http://localhost:3000/_next/static/chunks/0k5d_next_dist_1qmvpb9._.js:2477
[11061527ms] [INFO] %cDownload the React DevTools for a better development experience: https://react.dev/link/react-devtools font-weight:bold @ http://localhost:3000/_next/static/chunks/0k5d_next_dist_1qmvpb9._.js:2477
[11061541ms] [LOG] [HMR] connected @ http://localhost:3000/_next/static/chunks/0k5d_next_dist_1qmvpb9._.js:2477
[11098242ms] [LOG] [Fast Refresh] rebuilding @ http://localhost:3000/_next/static/chunks/0k5d_next_dist_1qmvpb9._.js:2477
[11098268ms] [LOG] [Fast Refresh] done in 38ms @ http://localhost:3000/_next/static/chunks/0k5d_next_dist_1qmvpb9._.js:2477
[11108412ms] [LOG] [Fast Refresh] rebuilding @ http://localhost:3000/_next/static/chunks/0k5d_next_dist_1qmvpb9._.js:2477
[11108425ms] [ERROR] ./components/app-builder-runner.tsx:46:68
Unexpected character '…'
  44 |     empty: "Opiši aplikaciju pa će se ovde pojaviti interaktivni pregled (u stilu brenda).",
  45 |     loading: "Pravim tvoju aplikaciju…",
> 46 |     refinePh: "Doradi: npr. „toplije boje, dodaj ekran sa cenama"…",
     |                                                                  ^
  47 |     refine: "Doradi",
  48 |     refineSuggest: ["Modernije", "Više boja", "Kraći tekst", "Dodaj CTA"],
  49 |     types: {

Parsing ecmascript source code failed

Import trace:
  Server Component:
    ./components/app-builder-runner.tsx
    ./app/studio/[module]/page.tsx @ http://localhost:3000/_next/static/chunks/0k5d_next_dist_1qmvpb9._.js:3318
[11108426ms] [ERROR] ./components/app-builder-runner.tsx:46:71
Unterminated string constant
  44 |     empty: "Opiši aplikaciju pa će se ovde pojaviti interaktivni pregled (u stilu brenda).",
  45 |     loading: "Pravim tvoju aplikaciju…",
> 46 |     refinePh: "Doradi: npr. „toplije boje, dodaj ekran sa cenama"…",
     |                                                                   ^^
  47 |     refine: "Doradi",
  48 |     refineSuggest: ["Modernije", "Više boja", "Kraći tekst", "Dodaj CTA"],
  49 |     types: {

Parsing ecmascript source code failed

Import trace:
  Server Component:
    ./components/app-builder-runner.tsx
    ./app/studio/[module]/page.tsx @ http://localhost:3000/_next/static/chunks/0k5d_next_dist_1qmvpb9._.js:3318
[11108511ms] [ERROR] ./components/app-builder-runner.tsx:46:68
Unexpected character '…'
  44 |     empty: "Opiši aplikaciju pa će se ovde pojaviti interaktivni pregled (u stilu brenda).",
  45 |     loading: "Pravim tvoju aplikaciju…",
> 46 |     refinePh: "Doradi: npr. „toplije boje, dodaj ekran sa cenama"…",
     |                                                                  ^
  47 |     refine: "Doradi",
  48 |     refineSuggest: ["Modernije", "Više boja", "Kraći tekst", "Dodaj CTA"],
  49 |     types: {

Parsing ecmascript source code failed

Import trace:
  Server Component:
    ./components/app-builder-runner.tsx
    ./app/studio/[module]/page.tsx @ http://localhost:3000/_next/static/chunks/0k5d_next_dist_1qmvpb9._.js:3318
[11108512ms] [ERROR] ./components/app-builder-runner.tsx:46:71
Unterminated string constant
  44 |     empty: "Opiši aplikaciju pa će se ovde pojaviti interaktivni pregled (u stilu brenda).",
  45 |     loading: "Pravim tvoju aplikaciju…",
> 46 |     refinePh: "Doradi: npr. „toplije boje, dodaj ekran sa cenama"…",
     |                                                                   ^^
  47 |     refine: "Doradi",
  48 |     refineSuggest: ["Modernije", "Više boja", "Kraći tekst", "Dodaj CTA"],
  49 |     types: {

Parsing ecmascript source code failed

Import trace:
  Server Component:
    ./components/app-builder-runner.tsx
    ./app/studio/[module]/page.tsx @ http://localhost:3000/_next/static/chunks/0k5d_next_dist_1qmvpb9._.js:3318
[11108541ms] [LOG] [Fast Refresh] rebuilding @ http://localhost:3000/_next/static/chunks/0k5d_next_dist_1qmvpb9._.js:2477
[11116773ms] [ERROR] ./components/app-builder-runner.tsx:46:68
Unexpected character '…'
  44 |     empty: "Opiši aplikaciju pa će se ovde pojaviti interaktivni pregled (u stilu brenda).",
  45 |     loading: "Pravim tvoju aplikaciju…",
> 46 |     refinePh: "Doradi: npr. „toplije boje, dodaj ekran sa cenama"…",
     |                                                                  ^
  47 |     refine: "Doradi",
  48 |     refineSuggest: ["Modernije", "Više boja", "Kraći tekst", "Dodaj CTA"],
  49 |     types: {

Parsing ecmascript source code failed

Import trace:
  Server Component:
    ./components/app-builder-runner.tsx
    ./app/studio/[module]/page.tsx @ http://localhost:3000/_next/static/chunks/0k5d_next_dist_1qmvpb9._.js:3318
[11116773ms] [ERROR] ./components/app-builder-runner.tsx:46:71
Unterminated string constant
  44 |     empty: "Opiši aplikaciju pa će se ovde pojaviti interaktivni pregled (u stilu brenda).",
  45 |     loading: "Pravim tvoju aplikaciju…",
> 46 |     refinePh: "Doradi: npr. „toplije boje, dodaj ekran sa cenama"…",
     |                                                                   ^^
  47 |     refine: "Doradi",
  48 |     refineSuggest: ["Modernije", "Više boja", "Kraći tekst", "Dodaj CTA"],
  49 |     types: {

Parsing ecmascript source code failed

Import trace:
  Server Component:
    ./components/app-builder-runner.tsx
    ./app/studio/[module]/page.tsx @ http://localhost:3000/_next/static/chunks/0k5d_next_dist_1qmvpb9._.js:3318
[11116811ms] [LOG] [Fast Refresh] rebuilding @ http://localhost:3000/_next/static/chunks/0k5d_next_dist_1qmvpb9._.js:2477
[11124268ms] [ERROR] ./components/app-builder-runner.tsx:46:68
Unexpected character '…'
  44 |     empty: "Opiši aplikaciju pa će se ovde pojaviti interaktivni pregled (u stilu brenda).",
  45 |     loading: "Pravim tvoju aplikaciju…",
> 46 |     refinePh: "Doradi: npr. „toplije boje, dodaj ekran sa cenama"…",
     |                                                                  ^
  47 |     refine: "Doradi",
  48 |     refineSuggest: ["Modernije", "Više boja", "Kraći tekst", "Dodaj CTA"],
  49 |     types: {

Parsing ecmascript source code failed

Import trace:
  Server Component:
    ./components/app-builder-runner.tsx
    ./app/studio/[module]/page.tsx @ http://localhost:3000/_next/static/chunks/0k5d_next_dist_1qmvpb9._.js:3318
[11124268ms] [ERROR] ./components/app-builder-runner.tsx:46:71
Unterminated string constant
  44 |     empty: "Opiši aplikaciju pa će se ovde pojaviti interaktivni pregled (u stilu brenda).",
  45 |     loading: "Pravim tvoju aplikaciju…",
> 46 |     refinePh: "Doradi: npr. „toplije boje, dodaj ekran sa cenama"…",
     |                                                                   ^^
  47 |     refine: "Doradi",
  48 |     refineSuggest: ["Modernije", "Više boja", "Kraći tekst", "Dodaj CTA"],
  49 |     types: {

Parsing ecmascript source code failed

Import trace:
  Server Component:
    ./components/app-builder-runner.tsx
    ./app/studio/[module]/page.tsx @ http://localhost:3000/_next/static/chunks/0k5d_next_dist_1qmvpb9._.js:3318
[11124306ms] [LOG] [Fast Refresh] rebuilding @ http://localhost:3000/_next/static/chunks/0k5d_next_dist_1qmvpb9._.js:2477
[11132874ms] [ERROR] ./components/app-builder-runner.tsx:46:68
Unexpected character '…'
  44 |     empty: "Opiši aplikaciju pa će se ovde pojaviti interaktivni pregled (u stilu brenda).",
  45 |     loading: "Pravim tvoju aplikaciju…",
> 46 |     refinePh: "Doradi: npr. „toplije boje, dodaj ekran sa cenama"…",
     |                                                                  ^
  47 |     refine: "Doradi",
  48 |     refineSuggest: ["Modernije", "Više boja", "Kraći tekst", "Dodaj CTA"],
  49 |     types: {

Parsing ecmascript source code failed

Import trace:
  Server Component:
    ./components/app-builder-runner.tsx
    ./app/studio/[module]/page.tsx @ http://localhost:3000/_next/static/chunks/0k5d_next_dist_1qmvpb9._.js:3318
[11132874ms] [ERROR] ./components/app-builder-runner.tsx:46:71
Unterminated string constant
  44 |     empty: "Opiši aplikaciju pa će se ovde pojaviti interaktivni pregled (u stilu brenda).",
  45 |     loading: "Pravim tvoju aplikaciju…",
> 46 |     refinePh: "Doradi: npr. „toplije boje, dodaj ekran sa cenama"…",
     |                                                                   ^^
  47 |     refine: "Doradi",
  48 |     refineSuggest: ["Modernije", "Više boja", "Kraći tekst", "Dodaj CTA"],
  49 |     types: {

Parsing ecmascript source code failed

Import trace:
  Server Component:
    ./components/app-builder-runner.tsx
    ./app/studio/[module]/page.tsx @ http://localhost:3000/_next/static/chunks/0k5d_next_dist_1qmvpb9._.js:3318
[11132909ms] [LOG] [Fast Refresh] rebuilding @ http://localhost:3000/_next/static/chunks/0k5d_next_dist_1qmvpb9._.js:2477
[11152926ms] [ERROR] ./components/app-builder-runner.tsx:46:68
Unexpected character '…'
  44 |     empty: "Opiši aplikaciju pa će se ovde pojaviti interaktivni pregled (u stilu brenda).",
  45 |     loading: "Pravim tvoju aplikaciju…",
> 46 |     refinePh: "Doradi: npr. „toplije boje, dodaj ekran sa cenama"…",
     |                                                                  ^
  47 |     refine: "Doradi",
  48 |     refineSuggest: ["Modernije", "Više boja", "Kraći tekst", "Dodaj CTA"],
  49 |     types: {

Parsing ecmascript source code failed

Import trace:
  Server Component:
    ./components/app-builder-runner.tsx
    ./app/studio/[module]/page.tsx @ http://localhost:3000/_next/static/chunks/0k5d_next_dist_1qmvpb9._.js:3318
[11152926ms] [ERROR] ./components/app-builder-runner.tsx:46:71
Unterminated string constant
  44 |     empty: "Opiši aplikaciju pa će se ovde pojaviti interaktivni pregled (u stilu brenda).",
  45 |     loading: "Pravim tvoju aplikaciju…",
> 46 |     refinePh: "Doradi: npr. „toplije boje, dodaj ekran sa cenama"…",
     |                                                                   ^^
  47 |     refine: "Doradi",
  48 |     refineSuggest: ["Modernije", "Više boja", "Kraći tekst", "Dodaj CTA"],
  49 |     types: {

Parsing ecmascript source code failed

Import trace:
  Server Component:
    ./components/app-builder-runner.tsx
    ./app/studio/[module]/page.tsx @ http://localhost:3000/_next/static/chunks/0k5d_next_dist_1qmvpb9._.js:3318
[11152965ms] [LOG] [Fast Refresh] rebuilding @ http://localhost:3000/_next/static/chunks/0k5d_next_dist_1qmvpb9._.js:2477
[11182223ms] [LOG] [Fast Refresh] rebuilding @ http://localhost:3000/_next/static/chunks/0k5d_next_dist_1qmvpb9._.js:2477
[11182316ms] [LOG] [Fast Refresh] done in 46ms @ http://localhost:3000/_next/static/chunks/0k5d_next_dist_1qmvpb9._.js:2477
